###############################################################################
#
# IAR ELF Linker V8.50.6.265/W32 for ARM                  02/Oct/2023  13:20:17
# Copyright 2007-2020 IAR Systems AB.
#
#    Output file  =
#        D:\github_g\uart_baudrate_converter\source\stm32f401converter\EWARM\stm32f401converter\Exe\stm32f401converter.out
#    Map file     =
#        D:\github_g\uart_baudrate_converter\source\stm32f401converter\EWARM\stm32f401converter\List\stm32f401converter.map
#    Command line =
#        -f C:\Users\Maksim\AppData\Local\Temp\EWA19D.tmp
#        (D:\github_g\uart_baudrate_converter\source\stm32f401converter\EWARM\stm32f401converter\Obj\convertor.o
#        D:\github_g\uart_baudrate_converter\source\stm32f401converter\EWARM\stm32f401converter\Obj\dma.o
#        D:\github_g\uart_baudrate_converter\source\stm32f401converter\EWARM\stm32f401converter\Obj\gpio.o
#        D:\github_g\uart_baudrate_converter\source\stm32f401converter\EWARM\stm32f401converter\Obj\main.o
#        D:\github_g\uart_baudrate_converter\source\stm32f401converter\EWARM\stm32f401converter\Obj\startup_stm32f401xc.o
#        D:\github_g\uart_baudrate_converter\source\stm32f401converter\EWARM\stm32f401converter\Obj\stm32f4xx_hal.o
#        D:\github_g\uart_baudrate_converter\source\stm32f401converter\EWARM\stm32f401converter\Obj\stm32f4xx_hal_cortex.o
#        D:\github_g\uart_baudrate_converter\source\stm32f401converter\EWARM\stm32f401converter\Obj\stm32f4xx_hal_dma.o
#        D:\github_g\uart_baudrate_converter\source\stm32f401converter\EWARM\stm32f401converter\Obj\stm32f4xx_hal_dma_ex.o
#        D:\github_g\uart_baudrate_converter\source\stm32f401converter\EWARM\stm32f401converter\Obj\stm32f4xx_hal_exti.o
#        D:\github_g\uart_baudrate_converter\source\stm32f401converter\EWARM\stm32f401converter\Obj\stm32f4xx_hal_flash.o
#        D:\github_g\uart_baudrate_converter\source\stm32f401converter\EWARM\stm32f401converter\Obj\stm32f4xx_hal_flash_ex.o
#        D:\github_g\uart_baudrate_converter\source\stm32f401converter\EWARM\stm32f401converter\Obj\stm32f4xx_hal_flash_ramfunc.o
#        D:\github_g\uart_baudrate_converter\source\stm32f401converter\EWARM\stm32f401converter\Obj\stm32f4xx_hal_gpio.o
#        D:\github_g\uart_baudrate_converter\source\stm32f401converter\EWARM\stm32f401converter\Obj\stm32f4xx_hal_msp.o
#        D:\github_g\uart_baudrate_converter\source\stm32f401converter\EWARM\stm32f401converter\Obj\stm32f4xx_hal_pwr.o
#        D:\github_g\uart_baudrate_converter\source\stm32f401converter\EWARM\stm32f401converter\Obj\stm32f4xx_hal_pwr_ex.o
#        D:\github_g\uart_baudrate_converter\source\stm32f401converter\EWARM\stm32f401converter\Obj\stm32f4xx_hal_rcc.o
#        D:\github_g\uart_baudrate_converter\source\stm32f401converter\EWARM\stm32f401converter\Obj\stm32f4xx_hal_rcc_ex.o
#        D:\github_g\uart_baudrate_converter\source\stm32f401converter\EWARM\stm32f401converter\Obj\stm32f4xx_hal_tim.o
#        D:\github_g\uart_baudrate_converter\source\stm32f401converter\EWARM\stm32f401converter\Obj\stm32f4xx_hal_tim_ex.o
#        D:\github_g\uart_baudrate_converter\source\stm32f401converter\EWARM\stm32f401converter\Obj\stm32f4xx_hal_uart.o
#        D:\github_g\uart_baudrate_converter\source\stm32f401converter\EWARM\stm32f401converter\Obj\stm32f4xx_it.o
#        D:\github_g\uart_baudrate_converter\source\stm32f401converter\EWARM\stm32f401converter\Obj\system_stm32f4xx.o
#        D:\github_g\uart_baudrate_converter\source\stm32f401converter\EWARM\stm32f401converter\Obj\usart.o
#        --no_out_extension -o
#        D:\github_g\uart_baudrate_converter\source\stm32f401converter\EWARM\stm32f401converter\Exe\stm32f401converter.out
#        --redirect _Printf=_PrintfFullNoMb --redirect _Scanf=_ScanfFullNoMb
#        --map
#        D:\github_g\uart_baudrate_converter\source\stm32f401converter\EWARM\stm32f401converter\List\stm32f401converter.map
#        --config
#        D:\github_g\uart_baudrate_converter\source\stm32f401converter\EWARM/stm32f401xc_flash.icf
#        --semihosting --entry __iar_program_start --vfe --text_out locale)
#
###############################################################################

*******************************************************************************
*** RUNTIME MODEL ATTRIBUTES
***

CppFlavor       = *
__SystemLibrary = DLib
__dlib_version  = 6


*******************************************************************************
*** HEAP SELECTION
***

The basic heap was selected because no calls to memory allocation
functions were found in the application outside of system library
functions, and there are calls to deallocation functions in the
application.


*******************************************************************************
*** PLACEMENT SUMMARY
***

"A0":  place at address 0x800'0000 { ro section .intvec };
"P1":  place in [from 0x800'0000 to 0x803'ffff] { ro };
define block CSTACK with size = 1K, alignment = 8 { };
define block HEAP with size = 512, alignment = 8 { };
"P2":  place in [from 0x2000'0000 to 0x2000'ffff] {
          rw, block CSTACK, block HEAP };
initialize by copy { rw };

  Section            Kind         Address    Size  Object
  -------            ----         -------    ----  ------
"A0":                                       0x194
  .intvec            ro code   0x800'0000   0x194  startup_stm32f401xc.o [1]
                             - 0x800'0194   0x194

"P1":                                      0x1d3c
  .text              ro code   0x800'0194   0x88c  stm32f4xx_hal_uart.o [1]
  .text              ro code   0x800'0a20   0x1f8  usart.o [1]
  .text              ro code   0x800'0c18   0x3fc  stm32f4xx_hal_dma.o [1]
  .text              ro code   0x800'1014    0xba  convertor.o [1]
  .text              ro code   0x800'10ce     0x2  stm32f4xx_hal_uart.o [1]
  .text              ro code   0x800'10d0     0x2  stm32f4xx_hal_uart.o [1]
  .text              ro code   0x800'10d2     0x2  stm32f4xx_hal_uart.o [1]
  .text              ro code   0x800'10d4   0x1ac  stm32f4xx_hal_rcc.o [1]
  .text              ro code   0x800'1280   0x106  I64DivMod_small.o [4]
  .text              ro code   0x800'1386    0x3a  zero_init3.o [4]
  .text              ro code   0x800'13c0    0xc0  main.o [1]
  .text              ro code   0x800'1480    0x14  memset.o [4]
  .text              ro code   0x800'1494    0xc4  stm32f4xx_hal_cortex.o [1]
  .text              ro code   0x800'1558   0x1dc  stm32f4xx_hal_gpio.o [1]
  .text              ro code   0x800'1734     0xc  stm32f4xx_hal.o [1]
  .text              ro code   0x800'1740    0x18  ABImemcpy_small.o [4]
  .text              ro code   0x800'1758    0x40  stm32f4xx_hal.o [1]
  .text              ro code   0x800'1798     0x2  I64DivZer.o [4]
  .text              ro code   0x800'179a    0x2e  copy_init3.o [4]
  .text              ro code   0x800'17c8    0x34  stm32f4xx_hal.o [1]
  .text              ro code   0x800'17fc    0x6c  gpio.o [1]
  .text              ro code   0x800'1868    0x78  dma.o [1]
  .text              ro code   0x800'18e0   0x31c  stm32f4xx_hal_rcc.o [1]
  .text              ro code   0x800'1bfc    0x66  ABImemset.o [4]
  .text              ro code   0x800'1c64    0x38  stm32f4xx_hal_msp.o [1]
  .text              ro code   0x800'1c9c    0x50  stm32f4xx_it.o [1]
  .text              ro code   0x800'1cec    0x10  stm32f4xx_hal.o [1]
  .text              ro code   0x800'1cfc    0x28  data_init.o [4]
  .text              ro code   0x800'1d24    0x22  fpinit_M.o [3]
  .iar.init_table    const     0x800'1d48    0x24  - Linker created -
  .text              ro code   0x800'1d6c    0x20  system_stm32f4xx.o [1]
  .text              ro code   0x800'1d8c    0x1e  cmain.o [4]
  .text              ro code   0x800'1daa     0x4  low_level_init.o [2]
  .text              ro code   0x800'1dae     0x4  exit.o [2]
  .text              ro code   0x800'1db4     0xa  cexit.o [4]
  .text              ro code   0x800'1dc0    0x14  exit.o [5]
  .text              ro code   0x800'1dd4    0x10  startup_stm32f401xc.o [1]
  Initializer bytes  const     0x800'1de4    0x10  <for P2-1>
  .text              ro code   0x800'1df4     0xc  cstartup_M.o [4]
  .rodata            const     0x800'1e00     0x8  system_stm32f4xx.o [1]
  .text              ro code   0x800'1e08     0x4  startup_stm32f401xc.o [1]
  .text              ro code   0x800'1e0c     0x4  startup_stm32f401xc.o [1]
  .text              ro code   0x800'1e10     0x4  startup_stm32f401xc.o [1]
  .text              ro code   0x800'1e14     0x4  startup_stm32f401xc.o [1]
  .text              ro code   0x800'1e18     0x4  startup_stm32f401xc.o [1]
  .text              ro code   0x800'1e1c     0x4  startup_stm32f401xc.o [1]
  .text              ro code   0x800'1e20     0x4  startup_stm32f401xc.o [1]
  .text              ro code   0x800'1e24     0x4  startup_stm32f401xc.o [1]
  .text              ro code   0x800'1e28     0x4  startup_stm32f401xc.o [1]
  .text              ro code   0x800'1e2c     0x4  startup_stm32f401xc.o [1]
  .text              ro code   0x800'1e30     0x4  startup_stm32f401xc.o [1]
  .text              ro code   0x800'1e34     0x4  startup_stm32f401xc.o [1]
  .text              ro code   0x800'1e38     0x4  startup_stm32f401xc.o [1]
  .text              ro code   0x800'1e3c     0x4  startup_stm32f401xc.o [1]
  .text              ro code   0x800'1e40     0x4  startup_stm32f401xc.o [1]
  .text              ro code   0x800'1e44     0x4  startup_stm32f401xc.o [1]
  .text              ro code   0x800'1e48     0x4  startup_stm32f401xc.o [1]
  .text              ro code   0x800'1e4c     0x4  startup_stm32f401xc.o [1]
  .text              ro code   0x800'1e50     0x4  startup_stm32f401xc.o [1]
  .text              ro code   0x800'1e54     0x4  startup_stm32f401xc.o [1]
  .text              ro code   0x800'1e58     0x4  startup_stm32f401xc.o [1]
  .text              ro code   0x800'1e5c     0x4  startup_stm32f401xc.o [1]
  .text              ro code   0x800'1e60     0x4  startup_stm32f401xc.o [1]
  .text              ro code   0x800'1e64     0x4  startup_stm32f401xc.o [1]
  .text              ro code   0x800'1e68     0x4  startup_stm32f401xc.o [1]
  .text              ro code   0x800'1e6c     0x4  startup_stm32f401xc.o [1]
  .text              ro code   0x800'1e70     0x4  startup_stm32f401xc.o [1]
  .text              ro code   0x800'1e74     0x4  startup_stm32f401xc.o [1]
  .text              ro code   0x800'1e78     0x4  startup_stm32f401xc.o [1]
  .text              ro code   0x800'1e7c     0x4  startup_stm32f401xc.o [1]
  .text              ro code   0x800'1e80     0x4  startup_stm32f401xc.o [1]
  .text              ro code   0x800'1e84     0x4  startup_stm32f401xc.o [1]
  .text              ro code   0x800'1e88     0x4  startup_stm32f401xc.o [1]
  .text              ro code   0x800'1e8c     0x4  startup_stm32f401xc.o [1]
  .text              ro code   0x800'1e90     0x4  startup_stm32f401xc.o [1]
  .text              ro code   0x800'1e94     0x4  startup_stm32f401xc.o [1]
  .text              ro code   0x800'1e98     0x4  startup_stm32f401xc.o [1]
  .text              ro code   0x800'1e9c     0x4  startup_stm32f401xc.o [1]
  .text              ro code   0x800'1ea0     0x4  startup_stm32f401xc.o [1]
  .text              ro code   0x800'1ea4     0x4  startup_stm32f401xc.o [1]
  .text              ro code   0x800'1ea8     0x4  startup_stm32f401xc.o [1]
  .text              ro code   0x800'1eac     0x4  startup_stm32f401xc.o [1]
  .text              ro code   0x800'1eb0     0x4  startup_stm32f401xc.o [1]
  .text              ro code   0x800'1eb4     0x4  startup_stm32f401xc.o [1]
  .text              ro code   0x800'1eb8     0x4  startup_stm32f401xc.o [1]
  .text              ro code   0x800'1ebc     0x4  startup_stm32f401xc.o [1]
  .text              ro code   0x800'1ec0     0x4  startup_stm32f401xc.o [1]
  .text              ro code   0x800'1ec4     0x4  startup_stm32f401xc.o [1]
  .text              ro code   0x800'1ec8     0x4  startup_stm32f401xc.o [1]
  .text              ro code   0x800'1ecc     0x4  startup_stm32f401xc.o [1]
  .rodata            const     0x800'1ed0     0x0  zero_init3.o [4]
  .rodata            const     0x800'1ed0     0x0  copy_init3.o [4]
                             - 0x800'1ed0  0x1d3c

"P2", part 1 of 3:                           0x10
  P2-1                        0x2000'0000    0x10  <Init block>
    .data            inited   0x2000'0000     0xc  stm32f4xx_hal.o [1]
    .data            inited   0x2000'000c     0x4  system_stm32f4xx.o [1]
                            - 0x2000'0010    0x10

"P2", part 2 of 3:                          0x410
  .bss               zero     0x2000'0010   0x180  usart.o [1]
  .bss               zero     0x2000'0190   0x100  convertor.o [1]
  .bss               zero     0x2000'0290    0x80  convertor.o [1]
  .bss               zero     0x2000'0310    0x80  convertor.o [1]
  .bss               zero     0x2000'0390    0x44  usart.o [1]
  .bss               zero     0x2000'03d4    0x44  usart.o [1]
  .bss               zero     0x2000'0418     0x8  convertor.o [1]
                            - 0x2000'0420   0x410

"P2", part 3 of 3:                          0x400
  CSTACK                      0x2000'0420   0x400  <Block>
    CSTACK           uninit   0x2000'0420   0x400  <Block tail>
                            - 0x2000'0820   0x400

Unused ranges:

         From           To      Size
         ----           --      ----
   0x800'1ed0   0x803'ffff  0x3'e130
  0x2000'0820  0x2000'ffff    0xf7e0


*******************************************************************************
*** INIT TABLE
***

          Address      Size
          -------      ----
Zero (__iar_zero_init3)
    1 destination range, total size 0x410:
          0x2000'0010  0x410

Copy (__iar_copy_init3)
    1 source range, total size 0x10:
           0x800'1de4   0x10
    1 destination range, total size 0x10:
          0x2000'0000   0x10



*******************************************************************************
*** MODULE SUMMARY
***

    Module                  ro code  ro data  rw data
    ------                  -------  -------  -------
command line/config:
    -------------------------------------------------
    Total:

D:\github_g\uart_baudrate_converter\source\stm32f401converter\EWARM\stm32f401converter\Obj: [1]
    convertor.o                 186               520
    dma.o                       120
    gpio.o                      108
    main.o                      192
    startup_stm32f401xc.o       620
    stm32f4xx_hal.o             144       12       12
    stm32f4xx_hal_cortex.o      196
    stm32f4xx_hal_dma.o       1'020
    stm32f4xx_hal_gpio.o        476
    stm32f4xx_hal_msp.o          56
    stm32f4xx_hal_rcc.o       1'224
    stm32f4xx_hal_uart.o      2'194
    stm32f4xx_it.o               80
    system_stm32f4xx.o           32       12        4
    usart.o                     504               520
    -------------------------------------------------
    Total:                    7'152       24    1'056

dl7M_tlf.a: [2]
    exit.o                        4
    low_level_init.o              4
    -------------------------------------------------
    Total:                        8

m7M_tls.a: [3]
    fpinit_M.o                   34
    -------------------------------------------------
    Total:                       34

rt7M_tl.a: [4]
    ABImemcpy_small.o            24
    ABImemset.o                 102
    I64DivMod_small.o           262
    I64DivZer.o                   2
    cexit.o                      10
    cmain.o                      30
    copy_init3.o                 46
    cstartup_M.o                 12
    data_init.o                  40
    memset.o                     20
    zero_init3.o                 58
    -------------------------------------------------
    Total:                      606

shb_l.a: [5]
    exit.o                       20
    -------------------------------------------------
    Total:                       20

    Gaps                          6        2
    Linker created                        36    1'024
-----------------------------------------------------
    Grand Total:              7'826       62    2'080


*******************************************************************************
*** ENTRY LIST
***

Entry                       Address   Size  Type      Object
-----                       -------   ----  ----      ------
.iar.init_table$$Base    0x800'1d48          --   Gb  - Linker created -
.iar.init_table$$Limit   0x800'1d6c          --   Gb  - Linker created -
?main                    0x800'1d8d         Code  Gb  cmain.o [4]
AHBPrescTable            0x800'1d7c   0x10  Data  Gb  system_stm32f4xx.o [1]
APBPrescTable            0x800'1e00    0x8  Data  Gb  system_stm32f4xx.o [1]
BusFault_Handler         0x800'1ca3    0x2  Code  Gb  stm32f4xx_it.o [1]
CSTACK$$Base            0x2000'0420          --   Gb  - Linker created -
CSTACK$$Limit           0x2000'0820          --   Gb  - Linker created -
ConvertorInit            0x800'1015   0x24  Code  Gb  convertor.o [1]
DMA1_Stream5_IRQHandler
                         0x800'1cb1    0x6  Code  Gb  stm32f4xx_it.o [1]
DMA1_Stream6_IRQHandler
                         0x800'1cb7    0x6  Code  Gb  stm32f4xx_it.o [1]
DMA2_Stream2_IRQHandler
                         0x800'1cc9    0x6  Code  Gb  stm32f4xx_it.o [1]
DMA2_Stream7_IRQHandler
                         0x800'1ccf    0x6  Code  Gb  stm32f4xx_it.o [1]
DMA_CalcBaseAndBitshift
                         0x800'0fe5   0x26  Code  Lc  stm32f4xx_hal_dma.o [1]
DMA_CalcBaseAndBitshift::flagBitshiftOffset
                         0x800'100c    0x8  Data  Lc  stm32f4xx_hal_dma.o [1]
DMA_SetConfig            0x800'0fc5   0x20  Code  Lc  stm32f4xx_hal_dma.o [1]
DebugMon_Handler         0x800'1ca9    0x2  Code  Gb  stm32f4xx_it.o [1]
Error_Handler            0x800'147d    0x4  Code  Gb  main.o [1]
HAL_DMA_Abort            0x800'0d69   0x78  Code  Gb  stm32f4xx_hal_dma.o [1]
HAL_DMA_Abort_IT         0x800'0de1   0x24  Code  Gb  stm32f4xx_hal_dma.o [1]
HAL_DMA_IRQHandler       0x800'0e05  0x188  Code  Gb  stm32f4xx_hal_dma.o [1]
HAL_DMA_Init             0x800'0c19   0xee  Code  Gb  stm32f4xx_hal_dma.o [1]
HAL_DMA_Start_IT         0x800'0d07   0x62  Code  Gb  stm32f4xx_hal_dma.o [1]
HAL_GPIO_Init            0x800'1559  0x1a2  Code  Gb  stm32f4xx_hal_gpio.o [1]
HAL_GPIO_TogglePin       0x800'1703   0x10  Code  Gb  stm32f4xx_hal_gpio.o [1]
HAL_GPIO_WritePin        0x800'16fb    0x8  Code  Gb  stm32f4xx_hal_gpio.o [1]
HAL_GetTick              0x800'1735    0xc  Code  Wk  stm32f4xx_hal.o [1]
HAL_IncTick              0x800'1ced   0x10  Code  Wk  stm32f4xx_hal.o [1]
HAL_Init                 0x800'17c9   0x30  Code  Gb  stm32f4xx_hal.o [1]
HAL_InitTick             0x800'1759   0x40  Code  Wk  stm32f4xx_hal.o [1]
HAL_MspInit              0x800'1c65   0x38  Code  Gb  stm32f4xx_hal_msp.o [1]
HAL_NVIC_EnableIRQ       0x800'1503   0x16  Code  Gb  stm32f4xx_hal_cortex.o [1]
HAL_NVIC_SetPriority     0x800'14c9   0x3a  Code  Gb  stm32f4xx_hal_cortex.o [1]
HAL_NVIC_SetPriorityGrouping
                         0x800'14af   0x1a  Code  Gb  stm32f4xx_hal_cortex.o [1]
HAL_RCC_ClockConfig      0x800'10d5  0x100  Code  Gb  stm32f4xx_hal_rcc.o [1]
HAL_RCC_GetPCLK1Freq     0x800'11e1   0x10  Code  Gb  stm32f4xx_hal_rcc.o [1]
HAL_RCC_GetPCLK2Freq     0x800'11f1    0xe  Code  Gb  stm32f4xx_hal_rcc.o [1]
HAL_RCC_OscConfig        0x800'18e1  0x31c  Code  Wk  stm32f4xx_hal_rcc.o [1]
HAL_SYSTICK_Config       0x800'1519   0x28  Code  Gb  stm32f4xx_hal_cortex.o [1]
HAL_UARTEx_ReceiveToIdle_DMA
                         0x800'02dd   0x2a  Code  Gb  stm32f4xx_hal_uart.o [1]
HAL_UARTEx_RxEventCallback
                         0x800'103b   0x7c  Code  Gb  convertor.o [1]
HAL_UART_DMAStop         0x800'028d   0x50  Code  Gb  stm32f4xx_hal_uart.o [1]
HAL_UART_ErrorCallback   0x800'10cd    0x2  Code  Gb  convertor.o [1]
HAL_UART_IRQHandler      0x800'038b  0x27e  Code  Gb  stm32f4xx_hal_uart.o [1]
HAL_UART_Init            0x800'0195   0x1e  Code  Gb  stm32f4xx_hal_uart.o [1]
HAL_UART_MspInit         0x800'0a6b  0x13e  Code  Gb  usart.o [1]
HAL_UART_RxCpltCallback
                         0x800'1039    0x2  Code  Gb  convertor.o [1]
HAL_UART_Transmit_DMA    0x800'020b   0x7a  Code  Gb  stm32f4xx_hal_uart.o [1]
HardFault_Handler        0x800'1c9f    0x2  Code  Gb  stm32f4xx_it.o [1]
MX_DMA_Init              0x800'1869   0x78  Code  Gb  dma.o [1]
MX_GPIO_Init             0x800'17fd   0x6c  Code  Gb  gpio.o [1]
MX_USART1_UART_Init      0x800'0a21   0x16  Code  Gb  usart.o [1]
MX_USART2_UART_Init      0x800'0a37   0x16  Code  Gb  usart.o [1]
MemManage_Handler        0x800'1ca1    0x2  Code  Gb  stm32f4xx_it.o [1]
NMI_Handler              0x800'1c9d    0x2  Code  Gb  stm32f4xx_it.o [1]
PendSV_Handler           0x800'1cab    0x2  Code  Gb  stm32f4xx_it.o [1]
Region$$Table$$Base      0x800'1d48          --   Gb  - Linker created -
Region$$Table$$Limit     0x800'1d6c          --   Gb  - Linker created -
SVC_Handler              0x800'1ca7    0x2  Code  Gb  stm32f4xx_it.o [1]
SysTick_Handler          0x800'1cad    0x4  Code  Gb  stm32f4xx_it.o [1]
SystemClock_Config       0x800'13e5   0x86  Code  Gb  main.o [1]
SystemCoreClock         0x2000'000c    0x4  Data  Gb  system_stm32f4xx.o [1]
SystemInit               0x800'1d6d    0xc  Code  Gb  system_stm32f4xx.o [1]
UART_DMAAbortOnError     0x800'0869    0xc  Code  Lc  stm32f4xx_hal_uart.o [1]
UART_DMAError            0x800'06f9   0x4a  Code  Lc  stm32f4xx_hal_uart.o [1]
UART_DMAReceiveCplt      0x800'066b   0x6e  Code  Lc  stm32f4xx_hal_uart.o [1]
UART_DMARxHalfCplt       0x800'06e5   0x14  Code  Lc  stm32f4xx_hal_uart.o [1]
UART_DMATransmitCplt     0x800'0625   0x3e  Code  Lc  stm32f4xx_hal_uart.o [1]
UART_DMATxHalfCplt       0x800'0665    0x6  Code  Lc  stm32f4xx_hal_uart.o [1]
UART_EndRxTransfer       0x800'0821   0x2a  Code  Lc  stm32f4xx_hal_uart.o [1]
UART_EndTxTransfer       0x800'07f1   0x18  Code  Lc  stm32f4xx_hal_uart.o [1]
UART_Receive_IT          0x800'0875   0xac  Code  Lc  stm32f4xx_hal_uart.o [1]
UART_SetConfig           0x800'094b   0xae  Code  Lc  stm32f4xx_hal_uart.o [1]
UART_Start_Receive_DMA   0x800'074f   0x80  Code  Gb  stm32f4xx_hal_uart.o [1]
USART1_IRQHandler        0x800'1cbd    0x6  Code  Gb  stm32f4xx_it.o [1]
USART2_IRQHandler        0x800'1cc3    0x6  Code  Gb  stm32f4xx_it.o [1]
Uart2400RxBuff          0x2000'0310   0x80  Data  Lc  convertor.o [1]
Uart2400TxBuff          0x2000'0210   0x80  Data  Lc  convertor.o [1]
Uart9600RxBuff          0x2000'0290   0x80  Data  Lc  convertor.o [1]
Uart9600TxBuff          0x2000'0190   0x80  Data  Lc  convertor.o [1]
UsageFault_Handler       0x800'1ca5    0x2  Code  Gb  stm32f4xx_it.o [1]
__NVIC_SetPriority       0x800'1495   0x1a  Code  Lc  stm32f4xx_hal_cortex.o [1]
__aeabi_ldiv0            0x800'1799         Code  Gb  I64DivZer.o [4]
__aeabi_memset           0x800'1bfd         Code  Gb  ABImemset.o [4]
__cmain                  0x800'1d8d         Code  Gb  cmain.o [4]
__exit                   0x800'1dc1   0x14  Code  Gb  exit.o [5]
__iar_Memset             0x800'1bfd         Code  Gb  ABImemset.o [4]
__iar_Memset_word        0x800'1c05         Code  Gb  ABImemset.o [4]
__iar_copy_init3         0x800'179b   0x2e  Code  Gb  copy_init3.o [4]
__iar_data_init3         0x800'1cfd   0x28  Code  Gb  data_init.o [4]
__iar_init_vfp           0x800'1d25         Code  Gb  fpinit_M.o [3]
__iar_program_start      0x800'1df5         Code  Gb  cstartup_M.o [4]
__iar_small_Memcpy       0x800'1745         Code  Gb  ABImemcpy_small.o [4]
__iar_small_memcpy       0x800'1741         Code  Gb  ABImemcpy_small.o [4]
__iar_small_memcpy4      0x800'1741         Code  Gb  ABImemcpy_small.o [4]
__iar_small_memcpy8      0x800'1741         Code  Gb  ABImemcpy_small.o [4]
__iar_small_uldivmod     0x800'1281         Code  Gb  I64DivMod_small.o [4]
__iar_zero_init3         0x800'1387   0x3a  Code  Gb  zero_init3.o [4]
__low_level_init         0x800'1dab    0x4  Code  Gb  low_level_init.o [2]
__vector_table           0x800'0000         Data  Gb  startup_stm32f401xc.o [1]
_call_main               0x800'1d99         Code  Gb  cmain.o [4]
_exit                    0x800'1db5         Code  Gb  cexit.o [4]
_main                    0x800'1da7         Code  Gb  cmain.o [4]
exit                     0x800'1daf    0x4  Code  Gb  exit.o [2]
hdma_usart1_rx          0x2000'0010   0x60  Data  Gb  usart.o [1]
hdma_usart1_tx          0x2000'0070   0x60  Data  Gb  usart.o [1]
hdma_usart2_rx          0x2000'00d0   0x60  Data  Gb  usart.o [1]
hdma_usart2_tx          0x2000'0130   0x60  Data  Gb  usart.o [1]
huart1                  0x2000'0390   0x44  Data  Gb  usart.o [1]
huart2                  0x2000'03d4   0x44  Data  Gb  usart.o [1]
main                     0x800'13c1   0x24  Code  Gb  main.o [1]
memset                   0x800'1481   0x14  Code  Gb  memset.o [4]
pUart2400               0x2000'0418    0x4  Data  Lc  convertor.o [1]
pUart9600               0x2000'041c    0x4  Data  Lc  convertor.o [1]
uwTick                  0x2000'0004    0x4  Data  Gb  stm32f4xx_hal.o [1]
uwTickFreq              0x2000'0000    0x1  Data  Gb  stm32f4xx_hal.o [1]
uwTickPrio              0x2000'0008    0x4  Data  Gb  stm32f4xx_hal.o [1]


[1] = D:\github_g\uart_baudrate_converter\source\stm32f401converter\EWARM\stm32f401converter\Obj
[2] = dl7M_tlf.a
[3] = m7M_tls.a
[4] = rt7M_tl.a
[5] = shb_l.a

  7'826 bytes of readonly  code memory
     62 bytes of readonly  data memory
  2'080 bytes of readwrite data memory

Errors: none
Warnings: none
